// Jest Snapshot v1, https://goo.gl/fbAQLP

exports[`MenuItemModal matches snapshot 1`] = `
<Modal
  animationType="slide"
  hardwareAccelerated={false}
  transparent={false}
  visible={true}
>
  <View>
    <View>
      <Text>
        Hello World!
      </Text>
      <View
        accessible={true}
        isTVSelectable={true}
        onResponderGrant={[Function]}
        onResponderMove={[Function]}
        onResponderRelease={[Function]}
        onResponderTerminate={[Function]}
        onResponderTerminationRequest={[Function]}
        onStartShouldSetResponder={[Function]}
        style={null}
      >
        <Text
          style={null}
        >
          Hide Modal
        </Text>
      </View>
    </View>
  </View>
</Modal>
`;
